// Jest Snapshot v1, https://goo.gl/fbAQLP

exports[`<App /> renders default state 1`] = `
<div
  className="App"
>
  <div>
    <p
      className="result-first-line hidden"
    >
       
      1
       
      Needs to be calculated!
       equals 
    </p>
    <p
      className="result-second-line hidden"
    >
       
       
      Needs to be calculated!
       
    </p>
  </div>
  <div
    className="rowC"
  >
    <div>
      <input
        className="value"
        onChange={[Function]}
        type="text"
        value={1}
      />
    </div>
    <div>
      loading...
    </div>
  </div>
  <div
    className="rowC"
  >
    <div>
      <input
        className="value"
        onChange={[Function]}
        type="text"
        value={1}
      />
    </div>
    <div>
      loading...
    </div>
  </div>
  <footer>
    <p
      className="footer"
    >
      @ data received from fixer.io
    </p>
  </footer>
</div>
`;
